****************************************
Report : net
Design : RISCV
Version: O-2018.06-SP1
Date   : Thu Aug 28 00:29:14 2025
****************************************

Attributes
    d - user dont_touch
    D - derived dont_touch


Net                 Fanout    Fanin   Pins         Attributes
--------------------------------------------------------------------------------
*Logic0*               182        0    182         
*Logic1*                 0        0      0         
ALUControl[0]            1        1      2         
ALUControl[1]            2        1      3         
ALUControl[2]            2        1      3         
ALUResult[0]             1        1      2         
ALUResult[10]            2        1      3         
ALUResult[11]            2        1      3         
ALUResult[12]            2        1      3         
ALUResult[13]            2        1      3         
ALUResult[14]            2        1      3         
ALUResult[15]            2        1      3         
ALUResult[16]            2        1      3         
ALUResult[17]            2        1      3         
ALUResult[18]            2        1      3         
ALUResult[19]            2        1      3         
ALUResult[1]             1        1      2         
ALUResult[20]            2        1      3         
ALUResult[21]            2        1      3         
ALUResult[22]            2        1      3         
ALUResult[23]            2        1      3         
ALUResult[24]            2        1      3         
ALUResult[25]            2        1      3         
ALUResult[26]            2        1      3         
ALUResult[27]            2        1      3         
ALUResult[28]            2        1      3         
ALUResult[29]            2        1      3         
ALUResult[2]             2        1      3         
ALUResult[30]            2        1      3         
ALUResult[31]            2        1      3         
ALUResult[3]             2        1      3         
ALUResult[4]             2        1      3         
ALUResult[5]             2        1      3         
ALUResult[6]             2        1      3         
ALUResult[7]             2        1      3         
ALUResult[8]             2        1      3         
ALUResult[9]             2        1      3         
ALUSrc                   2        1      3         
ImmExt[0]                2        1      3         
ImmExt[10]               2        1      3         
ImmExt[11]               2        1      3         
ImmExt[12]               2        1      3         
ImmExt[13]               2        1      3         
ImmExt[14]               2        1      3         
ImmExt[15]               2        1      3         
ImmExt[16]               2        1      3         
ImmExt[17]               2        1      3         
ImmExt[18]               2        1      3         
ImmExt[19]               2        1      3         
ImmExt[1]                2        1      3         
ImmExt[20]               2        1      3         
ImmExt[21]               2        1      3         
ImmExt[22]               2        1      3         
ImmExt[23]               2        1      3         
ImmExt[24]               2        1      3         
ImmExt[25]               2        1      3         
ImmExt[26]               2        1      3         
ImmExt[27]               2        1      3         
ImmExt[28]               2        1      3         
ImmExt[29]               2        1      3         
ImmExt[2]                2        1      3         
ImmExt[30]               2        1      3         
ImmExt[31]               2        1      3         
ImmExt[3]                2        1      3         
ImmExt[4]                2        1      3         
ImmExt[5]                2        1      3         
ImmExt[6]                2        1      3         
ImmExt[7]                2        1      3         
ImmExt[8]                2        1      3         
ImmExt[9]                2        1      3         
ImmSrc[0]                2        1      3         
ImmSrc[1]                2        1      3         
Instr[0]                 0        0      0         
Instr[10]                0        0      0         
Instr[11]                0        0      0         
Instr[12]                0        0      0         
Instr[13]                0        0      0         
Instr[14]                0        0      0         
Instr[15]                0        0      0         
Instr[16]                0        0      0         
Instr[17]                0        0      0         
Instr[18]                0        0      0         
Instr[19]                0        0      0         
Instr[1]                 0        0      0         
Instr[20]                0        0      0         
Instr[21]                0        0      0         
Instr[22]                0        0      0         
Instr[23]                0        0      0         
Instr[24]                0        0      0         
Instr[25]                0        0      0         
Instr[26]                0        0      0         
Instr[27]                0        0      0         
Instr[28]                0        0      0         
Instr[29]                0        0      0         
Instr[2]                 0        0      0         
Instr[30]                0        0      0         
Instr[31]                0        0      0         
Instr[3]                 0        0      0         
Instr[4]                 0        0      0         
Instr[5]                 0        0      0         
Instr[6]                 0        0      0         
Instr[7]                 0        0      0         
Instr[8]                 0        0      0         
Instr[9]                 0        0      0         
MemWrite                 1        1      2         
PCNext[0]                1        1      2         
PCNext[10]               1        1      2         
PCNext[11]               1        1      2         
PCNext[12]               1        1      2         
PCNext[13]               1        1      2         
PCNext[14]               1        1      2         
PCNext[15]               1        1      2         
PCNext[16]               1        1      2         
PCNext[17]               1        1      2         
PCNext[18]               1        1      2         
PCNext[19]               1        1      2         
PCNext[1]                1        1      2         
PCNext[20]               1        1      2         
PCNext[21]               1        1      2         
PCNext[22]               1        1      2         
PCNext[23]               1        1      2         
PCNext[24]               1        1      2         
PCNext[25]               1        1      2         
PCNext[26]               1        1      2         
PCNext[27]               1        1      2         
PCNext[28]               1        1      2         
PCNext[29]               1        1      2         
PCNext[2]                1        1      2         
PCNext[30]               1        1      2         
PCNext[31]               1        1      2         
PCNext[3]                1        1      2         
PCNext[4]                1        1      2         
PCNext[5]                1        1      2         
PCNext[6]                1        1      2         
PCNext[7]                1        1      2         
PCNext[8]                1        1      2         
PCNext[9]                1        1      2         
PCPlus4[0]               2        1      3         
PCPlus4[10]              2        1      3         
PCPlus4[11]              2        1      3         
PCPlus4[12]              2        1      3         
PCPlus4[13]              2        1      3         
PCPlus4[14]              2        1      3         
PCPlus4[15]              2        1      3         
PCPlus4[16]              2        1      3         
PCPlus4[17]              2        1      3         
PCPlus4[18]              2        1      3         
PCPlus4[19]              2        1      3         
PCPlus4[1]               2        1      3         
PCPlus4[20]              2        1      3         
PCPlus4[21]              2        1      3         
PCPlus4[22]              2        1      3         
PCPlus4[23]              2        1      3         
PCPlus4[24]              2        1      3         
PCPlus4[25]              2        1      3         
PCPlus4[26]              2        1      3         
PCPlus4[27]              2        1      3         
PCPlus4[28]              2        1      3         
PCPlus4[29]              2        1      3         
PCPlus4[2]               2        1      3         
PCPlus4[30]              2        1      3         
PCPlus4[31]              2        1      3         
PCPlus4[3]               2        1      3         
PCPlus4[4]               2        1      3         
PCPlus4[5]               2        1      3         
PCPlus4[6]               2        1      3         
PCPlus4[7]               2        1      3         
PCPlus4[8]               2        1      3         
PCPlus4[9]               2        1      3         
PCSrc                    2        1      3         
PCTarget[0]              1        1      2         
PCTarget[10]             1        1      2         
PCTarget[11]             1        1      2         
PCTarget[12]             1        1      2         
PCTarget[13]             1        1      2         
PCTarget[14]             1        1      2         
PCTarget[15]             1        1      2         
PCTarget[16]             1        1      2         
PCTarget[17]             1        1      2         
PCTarget[18]             1        1      2         
PCTarget[19]             1        1      2         
PCTarget[1]              1        1      2         
PCTarget[20]             1        1      2         
PCTarget[21]             1        1      2         
PCTarget[22]             1        1      2         
PCTarget[23]             1        1      2         
PCTarget[24]             1        1      2         
PCTarget[25]             1        1      2         
PCTarget[26]             1        1      2         
PCTarget[27]             1        1      2         
PCTarget[28]             1        1      2         
PCTarget[29]             1        1      2         
PCTarget[2]              1        1      2         
PCTarget[30]             1        1      2         
PCTarget[31]             1        1      2         
PCTarget[3]              1        1      2         
PCTarget[4]              1        1      2         
PCTarget[5]              1        1      2         
PCTarget[6]              1        1      2         
PCTarget[7]              1        1      2         
PCTarget[8]              1        1      2         
PCTarget[9]              1        1      2         
ReadData[0]              1        1      2         
ReadData[10]             1        1      2         
ReadData[11]             1        1      2         
ReadData[12]             1        1      2         
ReadData[13]             1        1      2         
ReadData[14]             1        1      2         
ReadData[15]             1        1      2         
ReadData[16]             1        1      2         
ReadData[17]             1        1      2         
ReadData[18]             1        1      2         
ReadData[19]             1        1      2         
ReadData[1]              1        1      2         
ReadData[20]             1        1      2         
ReadData[21]             1        1      2         
ReadData[22]             1        1      2         
ReadData[23]             1        1      2         
ReadData[24]             1        1      2         
ReadData[25]             1        1      2         
ReadData[26]             1        1      2         
ReadData[27]             1        1      2         
ReadData[28]             1        1      2         
ReadData[29]             1        1      2         
ReadData[2]              1        1      2         
ReadData[30]             1        1      2         
ReadData[31]             1        1      2         
ReadData[3]              1        1      2         
ReadData[4]              1        1      2         
ReadData[5]              1        1      2         
ReadData[6]              1        1      2         
ReadData[7]              1        1      2         
ReadData[8]              1        1      2         
ReadData[9]              1        1      2         
RegWrite                 1        1      2         
ResultSrc[0]             2        1      3         
ResultSrc[1]             2        1      3         
Result[0]                2        1      3         
Result[10]               2        1      3         
Result[11]               2        1      3         
Result[12]               2        1      3         
Result[13]               2        1      3         
Result[14]               2        1      3         
Result[15]               2        1      3         
Result[16]               2        1      3         
Result[17]               2        1      3         
Result[18]               2        1      3         
Result[19]               2        1      3         
Result[1]                2        1      3         
Result[20]               2        1      3         
Result[21]               2        1      3         
Result[22]               2        1      3         
Result[23]               2        1      3         
Result[24]               2        1      3         
Result[25]               2        1      3         
Result[26]               2        1      3         
Result[27]               2        1      3         
Result[28]               2        1      3         
Result[29]               2        1      3         
Result[2]                2        1      3         
Result[30]               2        1      3         
Result[31]               2        1      3         
Result[3]                2        1      3         
Result[4]                2        1      3         
Result[5]                2        1      3         
Result[6]                2        1      3         
Result[7]                2        1      3         
Result[8]                2        1      3         
Result[9]                2        1      3         
SrcA[0]                  2        1      3         
SrcA[10]                 2        1      3         
SrcA[11]                 2        1      3         
SrcA[12]                 2        1      3         
SrcA[13]                 2        1      3         
SrcA[14]                 2        1      3         
SrcA[15]                 2        1      3         
SrcA[16]                 2        1      3         
SrcA[17]                 2        1      3         
SrcA[18]                 2        1      3         
SrcA[19]                 2        1      3         
SrcA[1]                  2        1      3         
SrcA[20]                 2        1      3         
SrcA[21]                 2        1      3         
SrcA[22]                 2        1      3         
SrcA[23]                 2        1      3         
SrcA[24]                 2        1      3         
SrcA[25]                 2        1      3         
SrcA[26]                 2        1      3         
SrcA[27]                 2        1      3         
SrcA[28]                 2        1      3         
SrcA[29]                 2        1      3         
SrcA[2]                  2        1      3         
SrcA[30]                 2        1      3         
SrcA[31]                 2        1      3         
SrcA[3]                  2        1      3         
SrcA[4]                  2        1      3         
SrcA[5]                  2        1      3         
SrcA[6]                  2        1      3         
SrcA[7]                  2        1      3         
SrcA[8]                  2        1      3         
SrcA[9]                  2        1      3         
SrcB[0]                  2        1      3         
SrcB[10]                 2        1      3         
SrcB[11]                 2        1      3         
SrcB[12]                 2        1      3         
SrcB[13]                 2        1      3         
SrcB[14]                 2        1      3         
SrcB[15]                 2        1      3         
SrcB[16]                 2        1      3         
SrcB[17]                 2        1      3         
SrcB[18]                 2        1      3         
SrcB[19]                 2        1      3         
SrcB[1]                  2        1      3         
SrcB[20]                 2        1      3         
SrcB[21]                 2        1      3         
SrcB[22]                 2        1      3         
SrcB[23]                 2        1      3         
SrcB[24]                 2        1      3         
SrcB[25]                 2        1      3         
SrcB[26]                 2        1      3         
SrcB[27]                 2        1      3         
SrcB[28]                 2        1      3         
SrcB[29]                 2        1      3         
SrcB[2]                  2        1      3         
SrcB[30]                 2        1      3         
SrcB[31]                 2        1      3         
SrcB[3]                  2        1      3         
SrcB[4]                  2        1      3         
SrcB[5]                  2        1      3         
SrcB[6]                  2        1      3         
SrcB[7]                  2        1      3         
SrcB[8]                  2        1      3         
SrcB[9]                  2        1      3         
WriteData[0]             2        1      3         
WriteData[10]            2        1      3         
WriteData[11]            2        1      3         
WriteData[12]            2        1      3         
WriteData[13]            2        1      3         
WriteData[14]            2        1      3         
WriteData[15]            2        1      3         
WriteData[16]            2        1      3         
WriteData[17]            2        1      3         
WriteData[18]            2        1      3         
WriteData[19]            2        1      3         
WriteData[1]             2        1      3         
WriteData[20]            2        1      3         
WriteData[21]            2        1      3         
WriteData[22]            2        1      3         
WriteData[23]            2        1      3         
WriteData[24]            2        1      3         
WriteData[25]            2        1      3         
WriteData[26]            2        1      3         
WriteData[27]            2        1      3         
WriteData[28]            2        1      3         
WriteData[29]            2        1      3         
WriteData[2]             2        1      3         
WriteData[30]            2        1      3         
WriteData[31]            2        1      3         
WriteData[3]             2        1      3         
WriteData[4]             2        1      3         
WriteData[5]             2        1      3         
WriteData[6]             2        1      3         
WriteData[7]             2        1      3         
WriteData[8]             2        1      3         
WriteData[9]             2        1      3         
clk                   2080        1   2081         
dummy_out[0]             1        1      2         
dummy_out[10]            1        1      2         
dummy_out[11]            1        1      2         
dummy_out[12]            1        1      2         
dummy_out[13]            1        1      2         
dummy_out[14]            1        1      2         
dummy_out[15]            1        1      2         
dummy_out[16]            1        1      2         
dummy_out[17]            1        1      2         
dummy_out[18]            1        1      2         
dummy_out[19]            1        1      2         
dummy_out[1]             1        1      2         
dummy_out[20]            1        1      2         
dummy_out[21]            1        1      2         
dummy_out[22]            1        1      2         
dummy_out[23]            1        1      2         
dummy_out[24]            1        1      2         
dummy_out[25]            1        1      2         
dummy_out[26]            1        1      2         
dummy_out[27]            1        1      2         
dummy_out[28]            1        1      2         
dummy_out[29]            1        1      2         
dummy_out[2]             1        1      2         
dummy_out[30]            1        1      2         
dummy_out[31]            1        1      2         
dummy_out[3]             1        1      2         
dummy_out[4]             1        1      2         
dummy_out[5]             1        1      2         
dummy_out[6]             1        1      2         
dummy_out[7]             1        1      2         
dummy_out[8]             1        1      2         
dummy_out[9]             1        1      2         
n10                      2        1      3         
n100                     2        1      3         
n101                     2        1      3         
n102                     2        1      3         
n103                     2        1      3         
n104                     1        1      2         
n105                     1        1      2         
n106                     1        1      2         
n107                     1        1      2         
n108                     1        1      2         
n109                     1        1      2         
n11                      2        1      3         
n110                     1        1      2         
n111                     1        1      2         
n112                     2        1      3         
n113                     2        1      3         
n114                     2        1      3         
n115                     2        1      3         
n116                     2        1      3         
n117                     2        1      3         
n118                     2        1      3         
n119                     2        1      3         
n120                     2        1      3         
n121                     2        1      3         
n122                     2        1      3         
n123                     2        1      3         
n124                     3        1      4         
n125                     2        1      3         
n126                     2        1      3         
n127                     2        1      3         
n128                     3        1      4         
n129                     3        1      4         
n13                      2        1      3         
n130                     2        1      3         
n131                     3        1      4         
n132                     2        1      3         
n133                     2        1      3         
n134                     1        1      2         
n135                     1        1      2         
n136                     1        1      2         
n137                     1        1      2         
n138                     1        1      2         
n139                     1        1      2         
n14                      2        1      3         
n16                      2        1      3         
n17                      2        1      3         
n19                      2        1      3         
n20                      2        1      3         
n22                      2        1      3         
n23                      2        1      3         
n25                      2        1      3         
n26                      2        1      3         
n28                      2        1      3         
n29                      2        1      3         
n31                      2        1      3         
n32                      2        1      3         
n34                      2        1      3         
n35                      2        1      3         
n37                      2        1      3         
n39                      1        1      2         
n41                      1        1      2         
n43                      1        1      2         
n45                      1        1      2         
n47                      1        1      2         
n49                      1        1      2         
n51                      1        1      2         
n53                      1        1      2         
n55                      1        1      2         
n57                      1        1      2         
n59                      1        1      2         
n61                      1        1      2         
n63                      1        1      2         
n65                      1        1      2         
n67                      1        1      2         
n69                      1        1      2         
n7                       2        1      3         
n71                      1        1      2         
n73                      1        1      2         
n75                      1        1      2         
n77                      1        1      2         
n78                      2        1      3         
n8                       2        1      3         
n80                      1        1      2         
n82                      2        1      3         
n83                      2        1      3         
n84                      2        1      3         
n85                      2        1      3         
n86                      2        1      3         
n87                      2        1      3         
n88                      2        1      3         
n89                      1        1      2         
n90                      2        1      3         
n91                      2        1      3         
n92                      2        1      3         
n93                      2        1      3         
n94                      2        1      3         
n95                      2        1      3         
n96                      2        1      3         
n97                      2        1      3         
n98                      2        1      3         
n99                      2        1      3         
rst                      1        1      2         
test_mode                0        1      1         
zero                     1        1      2         

Attributes
    d - user dont_touch
    D - derived dont_touch

--------------------------------------------------------------------------------
Total 502 nets        3027      468   3495
Maximum               2080        1   2081
Average               6.03     0.93   6.96
1
